// Jest Snapshot v1, https://goo.gl/fbAQLP

exports[`Table.fixedColumns renders correctly 1`] = `
<div
  class="rc-table rc-table-scroll-position-left"
>
  <div
    class="rc-table-content"
  >
    <div
      class="rc-table-scroll"
    >
      <div
        class="rc-table-body"
        style="overflow-x:scroll;-webkit-transform:translate3d (0, 0, 0)"
      >
        <table
          class="rc-table-fixed"
          style="width:1200px"
        >
          <colgroup>
            <col
              style="width:100px;min-width:100px"
            />
            <col
              style="width:100px;min-width:100px"
            />
            <col />
            <col />
            <col />
            <col />
            <col />
            <col />
            <col />
            <col />
            <col />
            <col
              style="width:100px;min-width:100px"
            />
          </colgroup>
          <thead
            class="rc-table-thead"
          >
            <tr>
              <th
                class="rc-table-fixed-columns-in-body"
              >
                title1
              </th>
              <th
                class="rc-table-fixed-columns-in-body"
              >
                title2
              </th>
              <th
                class=""
              >
                title3
              </th>
              <th
                class=""
              >
                title4
              </th>
              <th
                class=""
              >
                title5
              </th>
              <th
                class=""
              >
                title6
              </th>
              <th
                class=""
              >
                title7
              </th>
              <th
                class=""
              >
                title8
              </th>
              <th
                class=""
              >
                title9
              </th>
              <th
                class=""
              >
                title10
              </th>
              <th
                class=""
              >
                title11
              </th>
              <th
                class="rc-table-fixed-columns-in-body"
              >
                title12
              </th>
            </tr>
          </thead>
          <tbody
            class="rc-table-tbody"
          >
            <tr
              class="rc-table-row rc-table-row-level-0"
              data-row-key="1"
            >
              <td
                class="rc-table-fixed-columns-in-body"
              >
                <span
                  class="rc-table-row-indent indent-level-0"
                  style="padding-left:0px"
                />
                123
              </td>
              <td
                class="rc-table-fixed-columns-in-body"
              >
                xxxxxxxx
              </td>
              <td
                class=""
              />
              <td
                class=""
              >
                xxxxxxxx
              </td>
              <td
                class=""
              >
                xxxxxxxx
              </td>
              <td
                class=""
              >
                xxxxxxxx
              </td>
              <td
                class=""
              >
                xxxxxxxx
              </td>
              <td
                class=""
              >
                xxxxxxxx
              </td>
              <td
                class=""
              >
                xxxxxxxx
              </td>
              <td
                class=""
              >
                xxxxxxxx
              </td>
              <td
                class=""
              >
                xxxxxxxx
              </td>
              <td
                class="rc-table-fixed-columns-in-body"
              >
                xxxxxxxx
              </td>
            </tr>
            <tr
              class="rc-table-row rc-table-row-level-0"
              data-row-key="2"
            >
              <td
                class="rc-table-fixed-columns-in-body"
              >
                <span
                  class="rc-table-row-indent indent-level-0"
                  style="padding-left:0px"
                />
                cdd
              </td>
              <td
                class="rc-table-fixed-columns-in-body"
              >
                edd12221
              </td>
              <td
                class=""
              />
              <td
                class=""
              >
                edd12221
              </td>
              <td
                class=""
              >
                edd12221
              </td>
              <td
                class=""
              >
                edd12221
              </td>
              <td
                class=""
              >
                edd12221
              </td>
              <td
                class=""
              >
                edd12221
              </td>
              <td
                class=""
              >
                edd12221
              </td>
              <td
                class=""
              >
                edd12221
              </td>
              <td
                class=""
              >
                edd12221
              </td>
              <td
                class="rc-table-fixed-columns-in-body"
              >
                edd12221
              </td>
            </tr>
            <tr
              class="rc-table-row rc-table-row-level-0"
              data-row-key="3"
            >
              <td
                class="rc-table-fixed-columns-in-body"
              >
                <span
                  class="rc-table-row-indent indent-level-0"
                  style="padding-left:0px"
                />
                133
              </td>
              <td
                class="rc-table-fixed-columns-in-body"
              />
              <td
                class=""
              >
                edd12221
              </td>
              <td
                class=""
              />
              <td
                class=""
              />
              <td
                class=""
              />
              <td
                class=""
              />
              <td
                class=""
              />
              <td
                class=""
              />
              <td
                class=""
              />
              <td
                class=""
              />
              <td
                class="rc-table-fixed-columns-in-body"
              />
            </tr>
            <tr
              class="rc-table-row rc-table-row-level-0"
              data-row-key="4"
            >
              <td
                class="rc-table-fixed-columns-in-body"
              >
                <span
                  class="rc-table-row-indent indent-level-0"
                  style="padding-left:0px"
                />
                133
              </td>
              <td
                class="rc-table-fixed-columns-in-body"
              />
              <td
                class=""
              >
                edd12221
              </td>
              <td
                class=""
              />
              <td
                class=""
              />
              <td
                class=""
              />
              <td
                class=""
              />
              <td
                class=""
              />
              <td
                class=""
              />
              <td
                class=""
              />
              <td
                class=""
              />
              <td
                class="rc-table-fixed-columns-in-body"
              />
            </tr>
            <tr
              class="rc-table-row rc-table-row-level-0"
              data-row-key="5"
            >
              <td
                class="rc-table-fixed-columns-in-body"
              >
                <span
                  class="rc-table-row-indent indent-level-0"
                  style="padding-left:0px"
                />
                133
              </td>
              <td
                class="rc-table-fixed-columns-in-body"
              />
              <td
                class=""
              >
                edd12221
              </td>
              <td
                class=""
              />
              <td
                class=""
              />
              <td
                class=""
              />
              <td
                class=""
              />
              <td
                class=""
              />
              <td
                class=""
              />
              <td
                class=""
              />
              <td
                class=""
              />
              <td
                class="rc-table-fixed-columns-in-body"
              />
            </tr>
            <tr
              class="rc-table-row rc-table-row-level-0"
              data-row-key="6"
            >
              <td
                class="rc-table-fixed-columns-in-body"
              >
                <span
                  class="rc-table-row-indent indent-level-0"
                  style="padding-left:0px"
                />
                133
              </td>
              <td
                class="rc-table-fixed-columns-in-body"
              />
              <td
                class=""
              >
                edd12221
              </td>
              <td
                class=""
              />
              <td
                class=""
              />
              <td
                class=""
              />
              <td
                class=""
              />
              <td
                class=""
              />
              <td
                class=""
              />
              <td
                class=""
              />
              <td
                class=""
              />
              <td
                class="rc-table-fixed-columns-in-body"
              />
            </tr>
            <tr
              class="rc-table-row rc-table-row-level-0"
              data-row-key="7"
            >
              <td
                class="rc-table-fixed-columns-in-body"
              >
                <span
                  class="rc-table-row-indent indent-level-0"
                  style="padding-left:0px"
                />
                133
              </td>
              <td
                class="rc-table-fixed-columns-in-body"
              />
              <td
                class=""
              >
                edd12221
              </td>
              <td
                class=""
              />
              <td
                class=""
              />
              <td
                class=""
              />
              <td
                class=""
              />
              <td
                class=""
              />
              <td
                class=""
              />
              <td
                class=""
              />
              <td
                class=""
              />
              <td
                class="rc-table-fixed-columns-in-body"
              />
            </tr>
            <tr
              class="rc-table-row rc-table-row-level-0"
              data-row-key="8"
            >
              <td
                class="rc-table-fixed-columns-in-body"
              >
                <span
                  class="rc-table-row-indent indent-level-0"
                  style="padding-left:0px"
                />
                133
              </td>
              <td
                class="rc-table-fixed-columns-in-body"
              />
              <td
                class=""
              >
                edd12221
              </td>
              <td
                class=""
              />
              <td
                class=""
              />
              <td
                class=""
              />
              <td
                class=""
              />
              <td
                class=""
              />
              <td
                class=""
              />
              <td
                class=""
              />
              <td
                class=""
              />
              <td
                class="rc-table-fixed-columns-in-body"
              />
            </tr>
            <tr
              class="rc-table-row rc-table-row-level-0"
              data-row-key="9"
            >
              <td
                class="rc-table-fixed-columns-in-body"
              >
                <span
                  class="rc-table-row-indent indent-level-0"
                  style="padding-left:0px"
                />
                133
              </td>
              <td
                class="rc-table-fixed-columns-in-body"
              />
              <td
                class=""
              >
                edd12221
              </td>
              <td
                class=""
              />
              <td
                class=""
              />
              <td
                class=""
              />
              <td
                class=""
              />
              <td
                class=""
              />
              <td
                class=""
              />
              <td
                class=""
              />
              <td
                class=""
              />
              <td
                class="rc-table-fixed-columns-in-body"
              />
            </tr>
          </tbody>
        </table>
      </div>
    </div>
    <div
      class="rc-table-fixed-left"
    >
      <div
        class="rc-table-body-outer"
        style="-webkit-transform:translate3d (0, 0, 0)"
      >
        <div
          class="rc-table-body-inner"
        >
          <table
            class="rc-table-fixed"
          >
            <colgroup>
              <col
                style="width:100px;min-width:100px"
              />
              <col
                style="width:100px;min-width:100px"
              />
            </colgroup>
            <thead
              class="rc-table-thead"
            >
              <tr>
                <th
                  class=""
                >
                  title1
                </th>
                <th
                  class=""
                >
                  title2
                </th>
              </tr>
            </thead>
            <tbody
              class="rc-table-tbody"
            >
              <tr
                class="rc-table-row rc-table-row-level-0"
                data-row-key="1"
              >
                <td
                  class=""
                >
                  <span
                    class="rc-table-row-indent indent-level-0"
                    style="padding-left:0px"
                  />
                  123
                </td>
                <td
                  class=""
                >
                  xxxxxxxx
                </td>
              </tr>
              <tr
                class="rc-table-row rc-table-row-level-0"
                data-row-key="2"
              >
                <td
                  class=""
                >
                  <span
                    class="rc-table-row-indent indent-level-0"
                    style="padding-left:0px"
                  />
                  cdd
                </td>
                <td
                  class=""
                >
                  edd12221
                </td>
              </tr>
              <tr
                class="rc-table-row rc-table-row-level-0"
                data-row-key="3"
              >
                <td
                  class=""
                >
                  <span
                    class="rc-table-row-indent indent-level-0"
                    style="padding-left:0px"
                  />
                  133
                </td>
                <td
                  class=""
                />
              </tr>
              <tr
                class="rc-table-row rc-table-row-level-0"
                data-row-key="4"
              >
                <td
                  class=""
                >
                  <span
                    class="rc-table-row-indent indent-level-0"
                    style="padding-left:0px"
                  />
                  133
                </td>
                <td
                  class=""
                />
              </tr>
              <tr
                class="rc-table-row rc-table-row-level-0"
                data-row-key="5"
              >
                <td
                  class=""
                >
                  <span
                    class="rc-table-row-indent indent-level-0"
                    style="padding-left:0px"
                  />
                  133
                </td>
                <td
                  class=""
                />
              </tr>
              <tr
                class="rc-table-row rc-table-row-level-0"
                data-row-key="6"
              >
                <td
                  class=""
                >
                  <span
                    class="rc-table-row-indent indent-level-0"
                    style="padding-left:0px"
                  />
                  133
                </td>
                <td
                  class=""
                />
              </tr>
              <tr
                class="rc-table-row rc-table-row-level-0"
                data-row-key="7"
              >
                <td
                  class=""
                >
                  <span
                    class="rc-table-row-indent indent-level-0"
                    style="padding-left:0px"
                  />
                  133
                </td>
                <td
                  class=""
                />
              </tr>
              <tr
                class="rc-table-row rc-table-row-level-0"
                data-row-key="8"
              >
                <td
                  class=""
                >
                  <span
                    class="rc-table-row-indent indent-level-0"
                    style="padding-left:0px"
                  />
                  133
                </td>
                <td
                  class=""
                />
              </tr>
              <tr
                class="rc-table-row rc-table-row-level-0"
                data-row-key="9"
              >
                <td
                  class=""
                >
                  <span
                    class="rc-table-row-indent indent-level-0"
                    style="padding-left:0px"
                  />
                  133
                </td>
                <td
                  class=""
                />
              </tr>
            </tbody>
          </table>
        </div>
      </div>
    </div>
    <div
      class="rc-table-fixed-right"
    >
      <div
        class="rc-table-body-outer"
        style="-webkit-transform:translate3d (0, 0, 0)"
      >
        <div
          class="rc-table-body-inner"
        >
          <table
            class="rc-table-fixed"
          >
            <colgroup>
              <col
                style="width:100px;min-width:100px"
              />
            </colgroup>
            <thead
              class="rc-table-thead"
            >
              <tr>
                <th
                  class=""
                >
                  title12
                </th>
              </tr>
            </thead>
            <tbody
              class="rc-table-tbody"
            >
              <tr
                class="rc-table-row rc-table-row-level-0"
                data-row-key="1"
              >
                <td
                  class=""
                >
                  xxxxxxxx
                </td>
              </tr>
              <tr
                class="rc-table-row rc-table-row-level-0"
                data-row-key="2"
              >
                <td
                  class=""
                >
                  edd12221
                </td>
              </tr>
              <tr
                class="rc-table-row rc-table-row-level-0"
                data-row-key="3"
              >
                <td
                  class=""
                />
              </tr>
              <tr
                class="rc-table-row rc-table-row-level-0"
                data-row-key="4"
              >
                <td
                  class=""
                />
              </tr>
              <tr
                class="rc-table-row rc-table-row-level-0"
                data-row-key="5"
              >
                <td
                  class=""
                />
              </tr>
              <tr
                class="rc-table-row rc-table-row-level-0"
                data-row-key="6"
              >
                <td
                  class=""
                />
              </tr>
              <tr
                class="rc-table-row rc-table-row-level-0"
                data-row-key="7"
              >
                <td
                  class=""
                />
              </tr>
              <tr
                class="rc-table-row rc-table-row-level-0"
                data-row-key="8"
              >
                <td
                  class=""
                />
              </tr>
              <tr
                class="rc-table-row rc-table-row-level-0"
                data-row-key="9"
              >
                <td
                  class=""
                />
              </tr>
            </tbody>
          </table>
        </div>
      </div>
    </div>
  </div>
</div>
`;
